THEME sand
SIZE small
COLS 21
ROWS 33
SPAWN 0.0 0.0 -13.0
SPAWN_BOT 0.0 0.0 14.0
# col row BLOCK_TYPE
0 0 SANDSTONE_WALL
0 1 SANDSTONE_WALL
0 2 SANDSTONE_WALL
0 3 SANDSTONE_WALL
0 4 SANDSTONE_WALL
0 5 SANDSTONE_WALL
0 6 SANDSTONE_WALL
0 7 SANDSTONE_WALL
0 8 SANDSTONE_WALL
0 9 SANDSTONE_WALL
0 10 SANDSTONE_WALL
0 11 SANDSTONE_WALL
0 12 SANDSTONE_WALL
0 13 SANDSTONE_WALL
0 14 SANDSTONE_WALL
0 15 SANDSTONE_WALL
0 16 SANDSTONE_WALL
0 17 SANDSTONE_WALL
0 18 SANDSTONE_WALL
0 19 SANDSTONE_WALL
0 20 SANDSTONE_WALL
0 21 SANDSTONE_WALL
0 22 SANDSTONE_WALL
0 23 SANDSTONE_WALL
0 24 SANDSTONE_WALL
0 25 SANDSTONE_WALL
0 26 SANDSTONE_WALL
0 27 SANDSTONE_WALL
0 28 SANDSTONE_WALL
0 29 SANDSTONE_WALL
0 30 SANDSTONE_WALL
0 31 SANDSTONE_WALL
0 32 SANDSTONE_WALL
1 0 SANDSTONE_WALL
1 16 SANDSTONE_WALL
1 32 SANDSTONE_WALL
2 0 SANDSTONE_WALL
2 8 SANDSTONE_WALL
2 16 SANDSTONE_WALL
2 24 SANDSTONE_WALL
2 32 SANDSTONE_WALL
3 0 SANDSTONE_WALL
3 8 SANDSTONE_WALL
3 24 SANDSTONE_WALL
3 32 SANDSTONE_WALL
4 0 SANDSTONE_WALL
4 8 SANDSTONE_WALL
4 24 SANDSTONE_WALL
4 32 SANDSTONE_WALL
5 0 SANDSTONE_WALL
5 8 SANDSTONE_WALL
5 24 SANDSTONE_WALL
5 32 SANDSTONE_WALL
6 0 SANDSTONE_WALL
6 13 SANDSTONE_WALL
6 14 SANDSTONE_WALL
6 15 SANDSTONE_WALL
6 16 SANDSTONE_WALL
6 17 SANDSTONE_WALL
6 18 SANDSTONE_WALL
6 19 SANDSTONE_WALL
6 32 SANDSTONE_WALL
7 0 SANDSTONE_WALL
7 6 SANDSTONE_WALL
7 27 SANDSTONE_WALL
7 32 SANDSTONE_WALL
8 0 SANDSTONE_WALL
8 6 SANDSTONE_WALL
8 27 SANDSTONE_WALL
8 32 SANDSTONE_WALL
9 0 SANDSTONE_WALL
9 6 SANDSTONE_WALL
9 27 SANDSTONE_WALL
9 32 SANDSTONE_WALL
10 0 SANDSTONE_WALL
10 3 SPAWN_BOT
10 6 SANDSTONE_WALL
10 27 SANDSTONE_WALL
10 30 SPAWN
10 32 SANDSTONE_WALL
11 0 SANDSTONE_WALL
11 6 SANDSTONE_WALL
11 27 SANDSTONE_WALL
11 32 SANDSTONE_WALL
12 0 SANDSTONE_WALL
12 6 SANDSTONE_WALL
12 27 SANDSTONE_WALL
12 32 SANDSTONE_WALL
13 0 SANDSTONE_WALL
13 6 SANDSTONE_WALL
13 27 SANDSTONE_WALL
13 32 SANDSTONE_WALL
14 0 SANDSTONE_WALL
14 13 SANDSTONE_WALL
14 14 SANDSTONE_WALL
14 15 SANDSTONE_WALL
14 16 SANDSTONE_WALL
14 17 SANDSTONE_WALL
14 18 SANDSTONE_WALL
14 19 SANDSTONE_WALL
14 32 SANDSTONE_WALL
15 0 SANDSTONE_WALL
15 8 SANDSTONE_WALL
15 24 SANDSTONE_WALL
15 32 SANDSTONE_WALL
16 0 SANDSTONE_WALL
16 8 SANDSTONE_WALL
16 24 SANDSTONE_WALL
16 32 SANDSTONE_WALL
17 0 SANDSTONE_WALL
17 8 SANDSTONE_WALL
17 24 SANDSTONE_WALL
17 32 SANDSTONE_WALL
18 0 SANDSTONE_WALL
18 8 SANDSTONE_WALL
18 16 SANDSTONE_WALL
18 24 SANDSTONE_WALL
18 32 SANDSTONE_WALL
19 0 SANDSTONE_WALL
19 16 SANDSTONE_WALL
19 32 SANDSTONE_WALL
20 0 SANDSTONE_WALL
20 1 SANDSTONE_WALL
20 2 SANDSTONE_WALL
20 3 SANDSTONE_WALL
20 4 SANDSTONE_WALL
20 5 SANDSTONE_WALL
20 6 SANDSTONE_WALL
20 7 SANDSTONE_WALL
20 8 SANDSTONE_WALL
20 9 SANDSTONE_WALL
20 10 SANDSTONE_WALL
20 11 SANDSTONE_WALL
20 12 SANDSTONE_WALL
20 13 SANDSTONE_WALL
20 14 SANDSTONE_WALL
20 15 SANDSTONE_WALL
20 16 SANDSTONE_WALL
20 17 SANDSTONE_WALL
20 18 SANDSTONE_WALL
20 19 SANDSTONE_WALL
20 20 SANDSTONE_WALL
20 21 SANDSTONE_WALL
20 22 SANDSTONE_WALL
20 23 SANDSTONE_WALL
20 24 SAND
20 25 SAND
20 26 SANDSTONE_WALL
20 27 SANDSTONE_WALL
20 28 SANDSTONE_WALL
20 29 SANDSTONE_WALL
20 30 SANDSTONE_WALL
20 31 SANDSTONE_WALL
20 32 SANDSTONE_WALL
