THEME sand
SIZE small
COLS 21
ROWS 33
# col row BLOCK_TYPE
0 0 SANDSTONE_WALL
0 1 SANDSTONE_WALL
0 2 SANDSTONE_WALL
0 3 SANDSTONE_WALL
0 4 SANDSTONE_WALL
0 5 SANDSTONE_WALL
0 6 SANDSTONE_WALL
0 7 SANDSTONE_WALL
0 8 SANDSTONE_WALL
0 9 SANDSTONE_WALL
0 10 SANDSTONE_WALL
0 11 SANDSTONE_WALL
0 12 SANDSTONE_WALL
0 13 SANDSTONE_WALL
0 14 SANDSTONE_WALL
0 15 SANDSTONE_WALL
0 16 SANDSTONE_WALL
0 17 SANDSTONE_WALL
0 18 SANDSTONE_WALL
0 19 SANDSTONE_WALL
0 20 SANDSTONE_WALL
0 21 SANDSTONE_WALL
0 22 SANDSTONE_WALL
0 23 SANDSTONE_WALL
0 24 SANDSTONE_WALL
0 25 SANDSTONE_WALL
0 26 SANDSTONE_WALL
0 27 SANDSTONE_WALL
0 28 SANDSTONE_WALL
0 29 BUSH_GREEN
0 30 BUSH_GREEN
0 31 BUSH_GREEN
0 32 SANDSTONE_WALL
1 0 SANDSTONE_WALL
1 28 BUSH_GREEN
1 29 BUSH_GREEN
1 30 BUSH_GREEN
1 31 BUSH_GREEN
1 32 SANDSTONE_WALL
2 0 SANDSTONE_WALL
2 28 BUSH_GREEN
2 29 BUSH_GREEN
2 30 BUSH_GREEN
2 31 BUSH_GREEN
2 32 SANDSTONE_WALL
3 0 SANDSTONE_WALL
3 28 BUSH_GREEN
3 29 BUSH_GREEN
3 30 BUSH_GREEN
3 31 BUSH_GREEN
3 32 SANDSTONE_WALL
4 0 SANDSTONE_WALL
4 28 BUSH_GREEN
4 29 BUSH_GREEN
4 30 BUSH_GREEN
4 31 BUSH_GREEN
4 32 SANDSTONE_WALL
5 0 SANDSTONE_WALL
5 28 BUSH_GREEN
5 29 BUSH_GREEN
5 30 BUSH_GREEN
5 31 BUSH_GREEN
5 32 SANDSTONE_WALL
6 0 SANDSTONE_WALL
6 20 SAND
6 28 BUSH_GREEN
6 29 BUSH_GREEN
6 30 BUSH_GREEN
6 31 BUSH_GREEN
6 32 SANDSTONE_WALL
7 0 SANDSTONE_WALL
7 28 BUSH_GREEN
7 29 BUSH_GREEN
7 30 BUSH_GREEN
7 31 BUSH_GREEN
7 32 SANDSTONE_WALL
8 0 SANDSTONE_WALL
8 28 BUSH_GREEN
8 29 BUSH_GREEN
8 30 BUSH_GREEN
8 31 BUSH_GREEN
8 32 SANDSTONE_WALL
9 0 SANDSTONE_WALL
9 28 BUSH_GREEN
9 29 BUSH_GREEN
9 30 BUSH_GREEN
9 31 BUSH_GREEN
9 32 SANDSTONE_WALL
10 0 SANDSTONE_WALL
10 28 BUSH_GREEN
10 29 BUSH_GREEN
10 30 BUSH_GREEN
10 31 BUSH_GREEN
10 32 SANDSTONE_WALL
11 0 SANDSTONE_WALL
11 28 BUSH_GREEN
11 29 BUSH_GREEN
11 30 BUSH_GREEN
11 31 BUSH_GREEN
11 32 SANDSTONE_WALL
12 0 SANDSTONE_WALL
12 28 BUSH_GREEN
12 29 BUSH_GREEN
12 30 BUSH_GREEN
12 31 BUSH_GREEN
12 32 SANDSTONE_WALL
13 0 SANDSTONE_WALL
13 28 BUSH_GREEN
13 29 BUSH_GREEN
13 30 BUSH_GREEN
13 31 BUSH_GREEN
13 32 SANDSTONE_WALL
14 0 SANDSTONE_WALL
14 28 BUSH_GREEN
14 29 BUSH_GREEN
14 30 BUSH_GREEN
14 31 BUSH_GREEN
14 32 SANDSTONE_WALL
15 0 SANDSTONE_WALL
15 28 BUSH_GREEN
15 29 BUSH_GREEN
15 30 BUSH_GREEN
15 31 BUSH_GREEN
15 32 SANDSTONE_WALL
16 0 SANDSTONE_WALL
16 28 BUSH_GREEN
16 29 BUSH_GREEN
16 30 BUSH_GREEN
16 31 BUSH_GREEN
16 32 SANDSTONE_WALL
17 0 SANDSTONE_WALL
17 28 BUSH_GREEN
17 29 BUSH_GREEN
17 30 BUSH_GREEN
17 31 BUSH_GREEN
17 32 SANDSTONE_WALL
18 0 SANDSTONE_WALL
18 28 BUSH_GREEN
18 29 BUSH_GREEN
18 30 BUSH_GREEN
18 31 BUSH_GREEN
18 32 SANDSTONE_WALL
19 0 SANDSTONE_WALL
19 29 BUSH_GREEN
19 30 BUSH_GREEN
19 31 BUSH_GREEN
19 32 SANDSTONE_WALL
20 0 SANDSTONE_WALL
20 1 SANDSTONE_WALL
20 2 SANDSTONE_WALL
20 3 SANDSTONE_WALL
20 4 SANDSTONE_WALL
20 5 SANDSTONE_WALL
20 6 SANDSTONE_WALL
20 7 SANDSTONE_WALL
20 8 SANDSTONE_WALL
20 9 SANDSTONE_WALL
20 10 SANDSTONE_WALL
20 11 SANDSTONE_WALL
20 12 SANDSTONE_WALL
20 13 SANDSTONE_WALL
20 14 SANDSTONE_WALL
20 15 SANDSTONE_WALL
20 16 SANDSTONE_WALL
20 17 SANDSTONE_WALL
20 18 SANDSTONE_WALL
20 19 SANDSTONE_WALL
20 20 SANDSTONE_WALL
20 21 SANDSTONE_WALL
20 22 SANDSTONE_WALL
20 23 SANDSTONE_WALL
20 24 SANDSTONE_WALL
20 25 SANDSTONE_WALL
20 26 SANDSTONE_WALL
20 27 SANDSTONE_WALL
20 28 SANDSTONE_WALL
20 29 BUSH_GREEN
20 30 BUSH_GREEN
20 31 BUSH_GREEN
20 32 SANDSTONE_WALL
